./docs/PROJECT_SYNOPSIS.md:29:- Real token is env-only via `TELEGRAM_BOT_TOKEN`.
./AUDIT_SYSTEM_STATUS.md:17:- `TELEGRAM_BOT_TOKEN` loaded only from environment/config object; real mode blocks without it.
./SECURITY_REGRESSION_REPORT.md:9:- `TELEGRAM_BOT_TOKEN` is loaded from environment/config only.
./reports/PHASE_6B_3_PREFLIGHT_CHECKLIST.md:5:- [x] No `TELEGRAM_BOT_TOKEN` in repository (verified via secret scan)
./reports/PHASE_6B_3_PREFLIGHT_CHECKLIST.md:7:- [x] No real API keys in source (test-only `api_key=12345` and `token123` present in test asserts)
./reports/PHASE_6B_3_TELEGRAM_REAL_GATED_REPORT.md:33:- `TELEGRAM_BOT_TOKEN` — required, env-only, never committed
./reports/PHASE_6B_1C_FAILURE_CLASSIFICATION.md:28:| `tests/telegram/test_telegram_mission_operator.py` | `test_evidence_log_redacts_secrets` | `AssertionError: assert 'REDACTED' in 'api_key=***'` | 5. Error real de lógica | `EvidenceLogger` | Corregir código |
./tests/telegram/test_telegram_gateway.py:35:        self.assertIn("TELEGRAM_BOT_TOKEN", startup.text)
./tests/telegram/test_phase_6b_3_real_gated.py:16:    monkeypatch.setenv("TELEGRAM_BOT_TOKEN", "123456:" + "secretTOKENvalue")
./tests/telegram/test_phase_6b_3_real_gated.py:37:    assert "TELEGRAM_BOT_TOKEN" in missing
./tests/security/test_evidence_redaction.py:21:    store.append_command("test_mission", {"cmd": "curl -H 'Authorization: Bearer token123'"})
./tests/security/test_secret_redaction.py:19:        data = {"command": "curl -H 'Authorization: Bearer token123'"}
./STRIX_RISK_REGISTER.md:22:- **Mitigation:** `validate_real_mode_config()` blocks real mode unless both `TELEGRAM_BOT_TOKEN` and `TELEGRAM_ALLOWED_USER_IDS` are present.
./saga_fusion/audit_logger.py:39:                    (r'(?i)api[_-]?key\s*[=:]\s*([a-zA-Z0-9_-]+)', r'api_key=[REDACTED]'),
./saga_fusion/audit_logger.py:41:                    (r'(?i)authorization\s*:\s*Bearer\s+([a-zA-Z0-9._-]+)', r'Authorization: Bearer [REDACTED]'),
./saga_fusion/audit_logger.py:42:                    (r'(?i)password\s*[=:]\s*(\S+)', r'password=[REDACTED]'),
./saga_fusion/telegram/telegram_config.py:39:    bot_token: str = field(default_factory=lambda: os.environ.get("TELEGRAM_BOT_TOKEN", "").strip())
./saga_fusion/telegram/telegram_config.py:92:        missing.append("TELEGRAM_BOT_TOKEN")
./.env.example:2:# Do not commit real values. TELEGRAM_BOT_TOKEN must be provided only via runtime environment.
./.env.example:4:TELEGRAM_BOT_TOKEN=
